
> polizalab-mvp@0.1.0 test
> jest lib/__tests__/auth-context.test.tsx --verbose

  console.error
    An update to AuthProvider inside a test was not wrapped in act(...).
    
    When testing, code that causes React state updates should be wrapped into act(...):
    
    act(() => {
      /* fire events that update state */
    });
    /* assert on the output */
    
    This ensures that you're testing the behavior the user would see in the browser. Learn more at https://react.dev/link/wrap-tests-with-act

    [0m [90m 168 |[39m         })[33m;[39m
     [90m 169 |[39m       } [36melse[39m {
    [31m[1m>[22m[39m[90m 170 |[39m         setState({
     [90m     |[39m         [31m[1m^[22m[39m
     [90m 171 |[39m           user[33m:[39m [36mnull[39m[33m,[39m
     [90m 172 |[39m           isAuthenticated[33m:[39m [36mfalse[39m[33m,[39m
     [90m 173 |[39m           isLoading[33m:[39m [36mfalse[39m[33m,[39m[0m

      at node_modules/react-dom/cjs/react-dom-client.development.js:18758:19
      at runWithFiberInDEV (node_modules/react-dom/cjs/react-dom-client.development.js:874:13)
      at warnIfUpdatesNotWrappedWithActDEV (node_modules/react-dom/cjs/react-dom-client.development.js:18757:9)
      at scheduleUpdateOnFiber (node_modules/react-dom/cjs/react-dom-client.development.js:16409:11)
      at dispatchSetStateInternal (node_modules/react-dom/cjs/react-dom-client.development.js:9170:13)
      at dispatchSetState (node_modules/react-dom/cjs/react-dom-client.development.js:9127:7)
      at setState (lib/auth-context.tsx:170:9)

  console.warn
    [WARN] 55:43.503 Hub - WARNING: auth is protected and dispatching on it can have unintended consequences

    [0m [90m 517 |[39m       [90m// Simulate tokenRefresh_failure event[39m
     [90m 518 |[39m       [36mawait[39m act([36masync[39m () [33m=>[39m {
    [31m[1m>[22m[39m[90m 519 |[39m         [33mHub[39m[33m.[39mdispatch([32m'auth'[39m[33m,[39m {
     [90m     |[39m             [31m[1m^[22m[39m
     [90m 520 |[39m           event[33m:[39m [32m'tokenRefresh_failure'[39m[33m,[39m
     [90m 521 |[39m           data[33m:[39m {}[33m,[39m
     [90m 522 |[39m           message[33m:[39m [32m'Token refresh failed'[39m[33m,[39m[0m

      at ConsoleLogger._log (node_modules/@aws-amplify/core/src/Logger/ConsoleLogger.ts:86:13)
      at ConsoleLogger.warn (node_modules/@aws-amplify/core/src/Logger/ConsoleLogger.ts:134:14)
      at HubClass.dispatch (node_modules/@aws-amplify/core/src/Hub/index.ts:50:24)
      at dispatch (lib/__tests__/auth-context.test.tsx:519:13)
      at node_modules/@testing-library/react/dist/act-compat.js:47:24
      at process.env.NODE_ENV.exports.act (node_modules/react/cjs/react.development.js:814:22)
      at node_modules/@testing-library/react/dist/act-compat.js:46:25
      at Object.<anonymous> (lib/__tests__/auth-context.test.tsx:518:16)

  console.error
    Error: Not implemented: navigation (except hash changes)
        at Object.assign [as callback] (C:\Users\Bertin\Desktop\CRM\lib\auth-context.tsx:231:29)
        at dispatch (C:\Users\Bertin\Desktop\CRM\lib\__tests__\auth-context.test.tsx:519:13)
        at Object.<anonymous> (C:\Users\Bertin\Desktop\CRM\lib\__tests__\auth-context.test.tsx:518:16) {
      type: 'not implemented'
    }

    [0m [90m 229 |[39m           [90m// Redirect to login with expired flag (only in browser)[39m
     [90m 230 |[39m           [36mif[39m ([36mtypeof[39m window [33m!==[39m [32m'undefined'[39m) {
    [31m[1m>[22m[39m[90m 231 |[39m             window[33m.[39mlocation[33m.[39massign([32m'/login?expired=true'[39m)[33m;[39m
     [90m     |[39m                             [31m[1m^[22m[39m
     [90m 232 |[39m           }
     [90m 233 |[39m           [36mbreak[39m[33m;[39m
     [90m 234 |[39m       }[0m

      at VirtualConsole.<anonymous> (node_modules/@jest/environment-jsdom-abstract/build/index.js:87:23)
      at module.exports (node_modules/jsdom/lib/jsdom/browser/not-implemented.js:12:26)
      at navigateFetch (node_modules/jsdom/lib/jsdom/living/window/navigation.js:77:3)
      at exports.navigate (node_modules/jsdom/lib/jsdom/living/window/navigation.js:55:3)
      at LocationImpl._locationObjectNavigate (node_modules/jsdom/lib/jsdom/living/window/Location-impl.js:30:5)
      at LocationImpl.assign (node_modules/jsdom/lib/jsdom/living/window/Location-impl.js:206:10)
      at Location.assign (node_modules/jsdom/lib/jsdom/living/generated/Location.js:72:36)
      at Object.assign [as callback] (lib/auth-context.tsx:231:29)
      at node_modules/@aws-amplify/core/src/Hub/index.ts:98:30
          at Array.forEach (<anonymous>)
      at HubClass._toListeners (node_modules/@aws-amplify/core/src/Hub/index.ts:95:20)
      at HubClass.dispatch (node_modules/@aws-amplify/core/src/Hub/index.ts:60:18)
      at dispatch (lib/__tests__/auth-context.test.tsx:519:13)
      at node_modules/@testing-library/react/dist/act-compat.js:47:24
      at process.env.NODE_ENV.exports.act (node_modules/react/cjs/react.development.js:814:22)
      at node_modules/@testing-library/react/dist/act-compat.js:46:25
      at Object.<anonymous> (lib/__tests__/auth-context.test.tsx:518:16)

  console.warn
    [WARN] 55:43.550 Hub - WARNING: auth is protected and dispatching on it can have unintended consequences

    [0m [90m 561 |[39m       [90m// Simulate signedOut event[39m
     [90m 562 |[39m       [36mawait[39m act([36masync[39m () [33m=>[39m {
    [31m[1m>[22m[39m[90m 563 |[39m         [33mHub[39m[33m.[39mdispatch([32m'auth'[39m[33m,[39m {
     [90m     |[39m             [31m[1m^[22m[39m
     [90m 564 |[39m           event[33m:[39m [32m'signedOut'[39m[33m,[39m
     [90m 565 |[39m           data[33m:[39m {}[33m,[39m
     [90m 566 |[39m           message[33m:[39m [32m'User signed out'[39m[33m,[39m[0m

      at ConsoleLogger._log (node_modules/@aws-amplify/core/src/Logger/ConsoleLogger.ts:86:13)
      at ConsoleLogger.warn (node_modules/@aws-amplify/core/src/Logger/ConsoleLogger.ts:134:14)
      at HubClass.dispatch (node_modules/@aws-amplify/core/src/Hub/index.ts:50:24)
      at dispatch (lib/__tests__/auth-context.test.tsx:563:13)
      at node_modules/@testing-library/react/dist/act-compat.js:47:24
      at process.env.NODE_ENV.exports.act (node_modules/react/cjs/react.development.js:814:22)
      at node_modules/@testing-library/react/dist/act-compat.js:46:25
      at Object.<anonymous> (lib/__tests__/auth-context.test.tsx:562:16)

  console.error
    Error checking session: Error: Network error
        at Object.<anonymous> (C:\Users\Bertin\Desktop\CRM\lib\__tests__\auth-context.test.tsx:653:49)
        at runNextTicks (node:internal/process/task_queues:65:5)
        at listOnTimeout (node:internal/timers:549:9)
        at processTimers (node:internal/timers:523:7)

    [0m [90m 350 |[39m       [36mreturn[39m authenticated[33m;[39m
     [90m 351 |[39m     } [36mcatch[39m (error) {
    [31m[1m>[22m[39m[90m 352 |[39m       console[33m.[39merror([32m'Error checking session:'[39m[33m,[39m error)[33m;[39m
     [90m     |[39m               [31m[1m^[22m[39m
     [90m 353 |[39m       [36mreturn[39m [36mfalse[39m[33m;[39m
     [90m 354 |[39m     }
     [90m 355 |[39m   }[33m,[39m [])[33m;[39m[0m

      at error (lib/auth-context.tsx:352:15)
      at handleCheckSession (lib/__tests__/auth-context.test.tsx:49:20)

node.exe : FAIL lib/__tests__/auth-context.test.tsx
En línea: 1 Carácter: 1
+ & "C:\Program Files\nodejs/node.exe" "C:\Program Files\nodejs/node_mo ...
+ ~~~~~~~~~~~~~~~~~~~~~~~~~~~~~~~~~~~~~~~~~~~~~~~~~~~~~~~~~~~~~~~~~~~~~
    + CategoryInfo          : NotSpecified: (FAIL lib/__tests__/auth-context.test.tsx:String) [], RemoteException
    + FullyQualifiedErrorId : NativeCommandError
 
  AuthContext
    AuthProvider initialization
      ΓêÜ should initialize with loading state (69 ms)
      ΓêÜ should load authenticated user on mount (22 ms)
      ΓêÜ should handle no stored tokens on mount (15 ms)
      ΓêÜ should handle expired token on mount (30 ms)
    login
      ΓêÜ should successfully login user (46 ms)
      ΓêÜ should handle login failure (45 ms)
      ΓêÜ should set loading state during login (34 ms)
    logout
      ΓêÜ should successfully logout user (29 ms)
      ΓêÜ should clear state even if logout fails (30 ms)
    refreshUser
      ΓêÜ should successfully refresh user data (14 ms)
      ΓêÜ should handle refresh failure and clear state (31 ms)
    useAuth hook
      ΓêÜ should throw error when used outside AuthProvider (34 ms)
    error handling
      ΓêÜ should handle unknown error types during login (27 ms)
      ΓêÜ should handle unknown error types during logout (31 ms)
      ΓêÜ should handle unknown error types during refresh (30 ms)
    Hub events - token refresh failure
      ΓêÜ should handle tokenRefresh_failure event and update state (47 ms)
      ΓêÜ should handle signedOut event (31 ms)
    checkSession method
      ΓêÜ should return true when user is authenticated (47 ms)
      ΓêÜ should return false when user is not authenticated (46 ms)
      ΓêÜ should return false on error without modifying state (31 ms)
    error classification and retry logic
      ΓêÜ should show network error message for network failures (30 ms)
      ΓêÜ should show session expired message for auth errors (32 ms)
      ├ù should retry network errors during loadUser (15 ms)
      ΓêÜ should not retry authentication errors (32 ms)
      ├ù should give up after max retries for network errors (3055 ms)

  ΓùÅ AuthContext ΓÇ║ error classification and retry logic ΓÇ║ should retry network errors during loadUser

    expect(element).toHaveTextContent()

    Expected element to have text content:
      test@example.com
    Received:
      no-user

    [0m [90m 763 |[39m       }[33m,[39m { timeout[33m:[39m [35m10000[39m })[33m;[39m
     [90m 764 |[39m
    [31m[1m>[22m[39m[90m 765 |[39m       expect(screen[33m.[39mgetByTestId([32m'user'[39m))[33m.[39mtoHaveTextContent([32m'test@example.com'[39m)[33m;[39m
     [90m     |[39m                                          [31m[1m^[22m[39m
     [90m 766 |[39m       expect(callCount)[33m.[39mtoBe([35m3[39m)[33m;[39m
     [90m 767 |[39m     })[33m;[39m
     [90m 768 |[39m[0m

      at Object.toHaveTextContent (lib/__tests__/auth-context.test.tsx:765:42)

  ΓùÅ AuthContext ΓÇ║ error classification and retry logic ΓÇ║ should give up after max retries for network errors

    expect(received).toBe(expected) // Object.is equality

    Expected: 3
    Received: 5

    [0m [90m 813 |[39m
     [90m 814 |[39m       [90m// Should try 3 times (initial + 2 retries)[39m
    [31m[1m>[22m[39m[90m 815 |[39m       expect(callCount)[33m.[39mtoBe([35m3[39m)[33m;[39m
     [90m     |[39m                         [31m[1m^[22m[39m
     [90m 816 |[39m       expect(screen[33m.[39mgetByTestId([32m'error'[39m))[33m.[39mtoHaveTextContent([32m'Error de conexi├│n. Por favor verifica tu internet.'[39m)[33m;[39m
     [90m 817 |[39m     })[33m;[39m
     [90m 818 |[39m   })[33m;[39m[0m

      at Object.toBe (lib/__tests__/auth-context.test.tsx:815:25)

Test Suites: 1 failed, 1 total
Tests:       2 failed, 23 passed, 25 total
Snapshots:   0 total
Time:        5.66 s
Ran all test suites matching lib/__tests__/auth-context.test.tsx.
